n/object_264.jpg
n/object_263.jpg
n/object_262.jpg
n/object_261.jpg
n/object_260.jpg
n/object_259.jpg
n/object_258.jpg
n/object_257.jpg
n/object_256.jpg
n/object_255.jpg
n/object_254.jpg
n/object_253.jpg
n/object_252.jpg
n/object_251.jpg
n/object_250.jpg
n/object_249.jpg
n/object_248.jpg
n/object_247.jpg
n/object_246.jpg
n/object_245.jpg
n/object_244.jpg
n/object_243.jpg
n/object_242.jpg
n/object_241.jpg
n/object_240.jpg
n/object_239.jpg
n/object_238.jpg
n/object_237.jpg
n/object_236.jpg
n/object_235.jpg
n/object_234.jpg
n/object_233.jpg
n/object_232.jpg
n/object_231.jpg
n/object_230.jpg
n/object_229.jpg
n/object_228.jpg
n/object_227.jpg
n/object_226.jpg
n/object_225.jpg
n/object_224.jpg
n/object_223.jpg
n/object_222.jpg
n/object_221.jpg
n/object_220.jpg
n/object_219.jpg
n/object_218.jpg
n/object_217.jpg
n/object_216.jpg
n/object_215.jpg
n/object_214.jpg
n/object_213.jpg
n/object_212.jpg
n/object_211.jpg
n/object_210.jpg
n/object_209.jpg
n/object_208.jpg
n/object_207.jpg
n/object_206.jpg
n/object_205.jpg
n/object_204.jpg
n/object_203.jpg
n/object_202.jpg
n/object_201.jpg
n/object_200.jpg
n/object_199.jpg
n/object_198.jpg
n/object_197.jpg
n/object_196.jpg
n/object_195.jpg
n/object_194.jpg
n/object_193.jpg
n/object_192.jpg
n/object_191.jpg
n/object_190.jpg
n/object_189.jpg
n/object_188.jpg
n/object_187.jpg
n/object_186.jpg
n/object_185.jpg
n/object_184.jpg
n/object_183.jpg
n/object_182.jpg
n/object_181.jpg
n/object_180.jpg
n/object_179.jpg
n/object_178.jpg
n/object_177.jpg
n/object_176.jpg
n/object_175.jpg
n/object_174.jpg
n/object_173.jpg
n/object_172.jpg
n/object_171.jpg
n/object_170.jpg
n/object_169.jpg
n/object_168.jpg
n/object_167.jpg
n/object_166.jpg
n/object_165.jpg
n/object_164.jpg
n/object_163.jpg
n/object_162.jpg
n/object_161.jpg
n/object_160.jpg
n/object_159.jpg
n/object_158.jpg
n/object_157.jpg
n/object_156.jpg
n/object_155.jpg
n/object_154.jpg
n/object_153.jpg
n/object_152.jpg
n/object_151.jpg
n/object_150.jpg
n/object_149.jpg
n/object_148.jpg
n/object_147.jpg
n/object_146.jpg
n/object_145.jpg
n/object_144.jpg
n/object_143.jpg
n/object_142.jpg
n/object_141.jpg
n/object_140.jpg
n/object_139.jpg
n/object_138.jpg
n/object_137.jpg
n/object_136.jpg
n/object_135.jpg
n/object_134.jpg
n/object_133.jpg
n/object_132.jpg
n/object_131.jpg
n/object_130.jpg
n/object_129.jpg
n/object_128.jpg
n/object_127.jpg
n/object_126.jpg
n/object_125.jpg
n/object_124.jpg
n/object_123.jpg
n/object_122.jpg
n/object_121.jpg
n/object_120.jpg
n/object_119.jpg
n/object_118.jpg
n/object_117.jpg
n/object_116.jpg
n/object_115.jpg
n/object_114.jpg
n/object_113.jpg
n/object_112.jpg
n/object_111.jpg
n/object_110.jpg
n/object_109.jpg
n/object_108.jpg
n/object_107.jpg
n/object_106.jpg
n/object_105.jpg
n/object_104.jpg
n/object_103.jpg
n/object_102.jpg
n/object_101.jpg
n/object_100.jpg
n/object_99.jpg
n/object_98.jpg
n/object_97.jpg
n/object_96.jpg
n/object_95.jpg
n/object_94.jpg
n/object_93.jpg
n/object_92.jpg
n/object_91.jpg
n/object_90.jpg
n/object_89.jpg
n/object_88.jpg
n/object_87.jpg
n/object_86.jpg
n/object_85.jpg
n/object_84.jpg
n/object_83.jpg
n/object_82.jpg
n/object_81.jpg
n/object_80.jpg
n/object_79.jpg
n/object_78.jpg
n/object_77.jpg
n/object_76.jpg
n/object_75.jpg
n/object_74.jpg
n/object_73.jpg
n/object_72.jpg
n/object_71.jpg
n/object_70.jpg
n/object_69.jpg
n/object_68.jpg
n/object_67.jpg
n/object_66.jpg
n/object_65.jpg
n/object_64.jpg
n/object_63.jpg
n/object_62.jpg
n/object_61.jpg
n/object_60.jpg
n/object_59.jpg
n/object_58.jpg
n/object_57.jpg
n/object_56.jpg
n/object_55.jpg
n/object_54.jpg
n/object_53.jpg
n/object_52.jpg
n/object_51.jpg
n/object_50.jpg
n/object_49.jpg
n/object_48.jpg
n/object_47.jpg
n/object_46.jpg
n/object_45.jpg
n/object_44.jpg
n/object_43.jpg
n/object_42.jpg
n/object_41.jpg
n/object_40.jpg
n/object_39.jpg
n/object_38.jpg
n/object_37.jpg
n/object_36.jpg
n/object_35.jpg
n/object_34.jpg
n/object_33.jpg
n/object_32.jpg
n/object_31.jpg
n/object_30.jpg
n/object_29.jpg
n/object_28.jpg
n/object_27.jpg
n/object_26.jpg
n/object_25.jpg
n/object_24.jpg
n/object_23.jpg
n/object_22.jpg
n/object_21.jpg
n/object_20.jpg
n/object_19.jpg
n/object_18.jpg
n/object_17.jpg
n/object_16.jpg
n/object_15.jpg
n/object_14.jpg
n/object_13.jpg
n/object_12.jpg
n/object_11.jpg
n/object_10.jpg
n/object_9.jpg
n/object_8.jpg
n/object_7.jpg
n/object_6.jpg
n/object_5.jpg
n/object_4.jpg
n/object_3.jpg
n/object_2.jpg
n/object_1.jpg
n/object_0.jpg
n/V1object_350.jpg
n/V1object_349.jpg
n/V1object_348.jpg
n/V1object_347.jpg
n/V1object_346.jpg
n/V1object_345.jpg
n/V1object_344.jpg
n/V1object_343.jpg
n/V1object_342.jpg
n/V1object_341.jpg
n/V1object_340.jpg
n/V1object_339.jpg
n/V1object_338.jpg
n/V1object_337.jpg
n/V1object_336.jpg
n/V1object_335.jpg
n/V1object_334.jpg
n/V1object_333.jpg
n/V1object_332.jpg
n/V1object_331.jpg
n/V1object_330.jpg
n/V1object_329.jpg
n/V1object_328.jpg
n/V1object_327.jpg
n/V1object_326.jpg
n/V1object_325.jpg
n/V1object_324.jpg
n/V1object_323.jpg
n/V1object_322.jpg
n/V1object_321.jpg
n/V1object_320.jpg
n/V1object_319.jpg
n/V1object_318.jpg
n/V1object_317.jpg
n/V1object_316.jpg
n/V1object_315.jpg
n/V1object_314.jpg
n/V1object_313.jpg
n/V1object_312.jpg
n/V1object_311.jpg
n/V1object_310.jpg
n/V1object_309.jpg
n/V1object_308.jpg
n/V1object_307.jpg
n/V1object_306.jpg
n/V1object_305.jpg
n/V1object_304.jpg
n/V1object_303.jpg
n/V1object_302.jpg
n/V1object_301.jpg
n/V1object_300.jpg
n/V1object_299.jpg
n/V1object_298.jpg
n/V1object_297.jpg
n/V1object_296.jpg
n/V1object_295.jpg
n/V1object_294.jpg
n/V1object_293.jpg
n/V1object_292.jpg
n/V1object_291.jpg
n/V1object_290.jpg
n/V1object_289.jpg
n/V1object_288.jpg
n/V1object_287.jpg
n/V1object_286.jpg
n/V1object_285.jpg
n/V1object_284.jpg
n/V1object_283.jpg
n/V1object_282.jpg
n/V1object_281.jpg
n/V1object_280.jpg
n/V1object_279.jpg
n/V1object_278.jpg
n/V1object_277.jpg
n/V1object_276.jpg
n/V1object_275.jpg
n/V1object_274.jpg
n/V1object_273.jpg
n/V1object_272.jpg
n/V1object_271.jpg
n/V1object_270.jpg
n/V1object_269.jpg
n/V1object_268.jpg
n/V1object_267.jpg
n/V1object_266.jpg
n/V1object_265.jpg
n/V1object_264.jpg
n/V1object_263.jpg
n/V1object_262.jpg
n/V1object_261.jpg
n/V1object_260.jpg
n/V1object_259.jpg
n/V1object_258.jpg
n/V1object_257.jpg
n/V1object_256.jpg
n/V1object_255.jpg
n/V1object_254.jpg
n/V1object_253.jpg
n/V1object_252.jpg
n/V1object_251.jpg
n/V1object_250.jpg
n/V1object_249.jpg
n/V1object_248.jpg
n/V1object_247.jpg
n/V1object_246.jpg
n/V1object_245.jpg
n/V1object_244.jpg
n/V1object_243.jpg
n/V1object_242.jpg
n/V1object_241.jpg
n/V1object_240.jpg
n/V1object_239.jpg
n/V1object_238.jpg
n/V1object_237.jpg
n/V1object_236.jpg
n/V1object_235.jpg
n/V1object_234.jpg
n/V1object_233.jpg
n/V1object_232.jpg
n/V1object_231.jpg
n/V1object_230.jpg
n/V1object_229.jpg
n/V1object_228.jpg
n/V1object_227.jpg
n/V1object_226.jpg
n/V1object_225.jpg
n/V1object_224.jpg
n/V1object_223.jpg
n/V1object_222.jpg
n/V1object_221.jpg
n/V1object_220.jpg
n/V1object_219.jpg
n/V1object_218.jpg
n/V1object_217.jpg
n/V1object_216.jpg
n/V1object_215.jpg
n/V1object_214.jpg
n/V1object_213.jpg
n/V1object_212.jpg
n/V1object_211.jpg
n/V1object_210.jpg
n/V1object_209.jpg
n/V1object_208.jpg
n/V1object_207.jpg
n/V1object_206.jpg
n/V1object_205.jpg
n/V1object_204.jpg
n/V1object_203.jpg
n/V1object_202.jpg
n/V1object_201.jpg
n/V1object_200.jpg
n/V1object_199.jpg
n/V1object_198.jpg
n/V1object_197.jpg
n/V1object_196.jpg
n/V1object_195.jpg
n/V1object_194.jpg
n/V1object_193.jpg
n/V1object_192.jpg
n/V1object_191.jpg
n/V1object_190.jpg
n/V1object_189.jpg
n/V1object_188.jpg
n/V1object_187.jpg
n/V1object_186.jpg
n/V1object_185.jpg
n/V1object_184.jpg
n/V1object_183.jpg
n/V1object_182.jpg
n/V1object_181.jpg
n/V1object_180.jpg
n/V1object_179.jpg
n/V1object_178.jpg
n/V1object_177.jpg
n/V1object_176.jpg
n/V1object_175.jpg
n/V1object_174.jpg
n/V1object_173.jpg
n/V1object_172.jpg
n/V1object_171.jpg
n/V1object_170.jpg
n/V1object_169.jpg
n/V1object_168.jpg
n/V1object_167.jpg
n/V1object_166.jpg
n/V1object_165.jpg
n/V1object_164.jpg
n/V1object_163.jpg
n/V1object_162.jpg
n/V1object_161.jpg
n/V1object_160.jpg
n/V1object_159.jpg
n/V1object_158.jpg
n/V1object_157.jpg
n/V1object_156.jpg
n/V1object_155.jpg
n/V1object_154.jpg
n/V1object_153.jpg
n/V1object_152.jpg
n/V1object_151.jpg
n/V1object_150.jpg
n/V1object_149.jpg
n/V1object_148.jpg
n/V1object_147.jpg
n/V1object_146.jpg
n/V1object_145.jpg
n/V1object_144.jpg
n/V1object_143.jpg
n/V1object_142.jpg
n/V1object_141.jpg
n/V1object_140.jpg
n/V1object_139.jpg
n/V1object_138.jpg
n/V1object_137.jpg
n/V1object_136.jpg
n/V1object_135.jpg
n/V1object_134.jpg
n/V1object_133.jpg
n/V1object_132.jpg
n/V1object_131.jpg
n/V1object_130.jpg
n/V1object_129.jpg
n/V1object_128.jpg
n/V1object_127.jpg
n/V1object_126.jpg
n/V1object_125.jpg
n/V1object_124.jpg
n/V1object_123.jpg
n/V1object_122.jpg
n/V1object_121.jpg
n/V1object_120.jpg
n/V1object_119.jpg
n/V1object_118.jpg
n/V1object_117.jpg
n/V1object_116.jpg
n/V1object_115.jpg
n/V1object_114.jpg
n/V1object_113.jpg
n/V1object_112.jpg
n/V1object_111.jpg
n/V1object_110.jpg
n/V1object_109.jpg
n/V1object_108.jpg
n/V1object_107.jpg
n/V1object_106.jpg
n/V1object_105.jpg
n/V1object_104.jpg
n/V1object_103.jpg
n/V1object_102.jpg
n/V1object_101.jpg
n/V1object_100.jpg
n/V1object_99.jpg
n/V1object_98.jpg
n/V1object_97.jpg
n/V1object_96.jpg
n/V1object_95.jpg
n/V1object_94.jpg
n/V1object_93.jpg
n/V1object_92.jpg
n/V1object_91.jpg
n/V1object_90.jpg
n/V1object_89.jpg
n/V1object_88.jpg
n/V1object_87.jpg
n/V1object_86.jpg
n/V1object_85.jpg
n/V1object_84.jpg
n/V1object_83.jpg
n/V1object_82.jpg
n/V1object_81.jpg
n/V1object_80.jpg
n/V1object_79.jpg
n/V1object_78.jpg
n/V1object_77.jpg
n/V1object_76.jpg
n/V1object_75.jpg
n/V1object_74.jpg
n/V1object_73.jpg
n/V1object_72.jpg
n/V1object_71.jpg
n/V1object_70.jpg
n/V1object_69.jpg
n/V1object_68.jpg
n/V1object_67.jpg
n/V1object_66.jpg
n/V1object_65.jpg
n/V1object_64.jpg
n/V1object_63.jpg
n/V1object_62.jpg
n/V1object_61.jpg
n/V1object_60.jpg
n/V1object_59.jpg
n/V1object_58.jpg
n/V1object_57.jpg
n/V1object_56.jpg
n/V1object_55.jpg
n/V1object_54.jpg
n/V1object_53.jpg
n/V1object_52.jpg
n/V1object_51.jpg
n/V1object_50.jpg
n/V1object_49.jpg
n/V1object_48.jpg
n/V1object_47.jpg
n/V1object_46.jpg
n/V1object_45.jpg
n/V1object_44.jpg
n/V1object_43.jpg
n/V1object_42.jpg
n/V1object_41.jpg
n/V1object_40.jpg
n/V1object_39.jpg
n/V1object_38.jpg
n/V1object_37.jpg
n/V1object_36.jpg
n/V1object_35.jpg
n/V1object_34.jpg
n/V1object_33.jpg
n/V1object_32.jpg
n/V1object_31.jpg
n/V1object_30.jpg
n/V1object_29.jpg
n/V1object_28.jpg
n/V1object_27.jpg
n/V1object_26.jpg
n/V1object_25.jpg
n/V1object_24.jpg
n/V1object_23.jpg
n/V1object_22.jpg
n/V1object_21.jpg
n/V1object_20.jpg
n/V1object_19.jpg
n/V1object_18.jpg
n/V1object_17.jpg
n/V1object_16.jpg
n/V1object_15.jpg
n/V1object_14.jpg
n/V1object_13.jpg
n/V1object_12.jpg
n/V1object_11.jpg
n/V1object_10.jpg
n/V1object_9.jpg
n/V1object_8.jpg
n/V1object_7.jpg
n/V1object_6.jpg
n/V1object_5.jpg
n/V1object_4.jpg
n/V1object_3.jpg
n/V1object_2.jpg
n/V1object_1.jpg
n/V1object_0.jpg